###############################################
#----------- Hailo-10H.SlackBuild ------------#
###############################################

Target OS..............: Slackware AArch64 current
Platform...............: Raspberry Pi 5
Hardware...............: Hailo 10H M.2 AI Accelerator Module
Project eng............: v1.0.5
Maintainer(s)..........: sairpi.project@penthux.net
Homepage URL...........: https://sairpi.penthux.net

# Hailo.SlackBuild Batch
Build Batch Ref ID.....: SAI52026131164853

# Hailo-10H.SlackBuild Host Status
Build System...........: Linux maia 6.18.28-v8-sarpi5_64 #1 SMP PREEMPT Sat May  9 07:15:36 BST 2026 aarch64 GNU/Linux
Build System OS........: Slackware 15.0 aarch64 (post 15.0 -current) [armv8 64-bit]
Build System Hardware..: Raspberry Pi 5 Model B Rev 1.1 
Build System Revision..: e04171
Build System Serial....: eaca75ece918b095

# Hailo-10H.SlackBuild Status
Target Architecture....: AArch64
Linux Kernel Version...: 6.18.29
SAIRPi Build Revision..: 11May26

SAIRPi Start Build.....: 2026-05-11 16:48:54 BST

[2026-05-11 16:48:57 BST] Copied HAILO.SlackBuild scripts to chroot dir ...
# Hailo-10H.SlackBuild Status
Target Architecture....: AArch64
Linux Kernel Version...: 6.18.29
SAIRPi Build Revision..: 11May26

SAIRPi Start Build.....: 2026-05-11 16:49:54 BST

[2026-05-11 16:49:54 BST] Downloaded Raspberry Pi Linux source ...
[2026-05-11 16:50:07 BST] Downloaded Raspberry Pi boot-firmware source ...
[2026-05-11 16:50:10 BST] Downloaded HailoRT source ...
[2026-05-11 16:50:15 BST] Downloaded HailoRT drivers source ...
[2026-05-11 16:50:15 BST] Fetching SARPi board support packages from slackware.uk ...
[2026-05-11 16:50:16 BST] Downloaded SARPi board support packages ...
[2026-05-11 16:50:16 BST] Slackware PKG repo: http://192.168.1.242/slackwarearm/slackwareaarch64-current ...
[2026-05-11 16:50:16 BST] Downloading chroot PKG files ...
[2026-05-11 16:50:46 BST] Processing chroot PKG files ...
[2026-05-11 16:50:46 BST] Installing chroot PKG files ...
[2026-05-11 16:50:47 BST] Installed aaa_base-15.1-aarch64-3.txz 
[2026-05-11 16:50:48 BST] Installed aaa_glibc-solibs-2.42-aarch64-1.txz 
[2026-05-11 16:50:52 BST] Installed aaa_libraries-15.1-aarch64-48.txz 
[2026-05-11 16:50:53 BST] Installed aaa_terminfo-6.6-aarch64-1.txz 
[2026-05-11 16:50:53 BST] Installed acl-2.3.2-aarch64-1.txz 
[2026-05-11 16:50:53 BST] Installed attr-2.5.2-aarch64-1.txz 
[2026-05-11 16:50:54 BST] Installed bash-5.3.009-aarch64-1.txz 
[2026-05-11 16:50:54 BST] Installed bc-1.08.2-aarch64-1.txz 
[2026-05-11 16:50:56 BST] Installed binutils-2.46-aarch64-1.txz 
[2026-05-11 16:50:56 BST] Installed bison-3.8.2-aarch64-1.txz 
[2026-05-11 16:50:56 BST] Installed brotli-1.2.0-aarch64-1.txz 
[2026-05-11 16:50:56 BST] Installed ca-certificates-20260413-noarch-1.txz 
[2026-05-11 16:50:59 BST] Installed cmake-4.3.2-aarch64-1.txz 
[2026-05-11 16:51:00 BST] Installed coreutils-9.11-aarch64-1.txz 
[2026-05-11 16:51:01 BST] Installed curl-8.20.0-aarch64-1.txz 
[2026-05-11 16:51:01 BST] Installed cyrus-sasl-2.1.28-aarch64-5.txz 
[2026-05-11 16:51:01 BST] Installed dbus-glib-0.114-aarch64-1.txz 
[2026-05-11 16:51:01 BST] Installed diffutils-3.12-aarch64-1.txz 
[2026-05-11 16:51:02 BST] Installed dosfstools-4.2-aarch64-2.txz 
[2026-05-11 16:51:02 BST] Installed e2fsprogs-1.47.4-aarch64-1.txz 
[2026-05-11 16:51:03 BST] Installed elfutils-0.195-aarch64-1.txz 
[2026-05-11 16:51:04 BST] Installed etc-15.1-aarch64-18.txz 
[2026-05-11 16:51:04 BST] Installed ethtool-7.0-aarch64-1.txz 
[2026-05-11 16:51:04 BST] Installed eudev-3.2.14-aarch64-3.txz 
[2026-05-11 16:51:04 BST] Installed exfatprogs-1.3.2-aarch64-1.txz 
[2026-05-11 16:51:05 BST] Installed file-5.47-aarch64-2.txz 
[2026-05-11 16:51:05 BST] Installed findutils-4.10.0-aarch64-1.txz 
[2026-05-11 16:51:05 BST] Installed flex-2.6.4-aarch64-5.txz 
[2026-05-11 16:51:06 BST] Installed fuse3-3.16.2-aarch64-2.txz 
[2026-05-11 16:51:06 BST] Installed gawk-5.4.0-aarch64-1.txz 
[2026-05-11 16:51:06 BST] Installed gc-8.2.12-aarch64-1.txz 
[2026-05-11 16:51:13 BST] Installed gcc-15.2.0-aarch64-1.txz 
[2026-05-11 16:51:16 BST] Installed gcc-g++-15.2.0-aarch64-1.txz 
[2026-05-11 16:51:17 BST] Installed gettext-1.0-aarch64-1.txz 
[2026-05-11 16:51:19 BST] Installed git-2.54.0-aarch64-1.txz 
[2026-05-11 16:51:21 BST] Installed glibc-2.42-aarch64-1.txz 
[2026-05-11 16:51:21 BST] Installed gmp-6.3.0-aarch64-1.txz 
[2026-05-11 16:51:21 BST] Installed gptfdisk-1.0.10-aarch64-1.txz 
[2026-05-11 16:51:22 BST] Installed grep-3.12-aarch64-1.txz 
[2026-05-11 16:51:24 BST] Installed guile-3.0.11-aarch64-1.txz 
[2026-05-11 16:51:24 BST] Installed gzip-1.14-aarch64-1.txz 
[2026-05-11 16:51:24 BST] Installed iproute2-7.0.0-aarch64-1.txz 
[2026-05-11 16:51:25 BST] Installed kmod-34.2-aarch64-1.txz 
[2026-05-11 16:51:25 BST] Installed libarchive-3.8.7-aarch64-1.txz 
[2026-05-11 16:51:25 BST] Installed libcap-2.78-aarch64-1.txz 
[2026-05-11 16:51:25 BST] Installed libcap-ng-0.9.3-aarch64-1.txz 
[2026-05-11 16:51:25 BST] Installed libidn2-2.3.8-aarch64-1.txz 
[2026-05-11 16:51:26 BST] Installed libmnl-1.0.5-aarch64-1.txz 
[2026-05-11 16:51:26 BST] Installed libmpc-1.3.1-aarch64-1.txz 
[2026-05-11 16:51:26 BST] Installed libnetfilter_conntrack-1.1.1-aarch64-1.txz 
[2026-05-11 16:51:26 BST] Installed libnfnetlink-1.0.2-aarch64-1.txz 
[2026-05-11 16:51:27 BST] Installed libpsl-0.21.5-aarch64-1.txz 
[2026-05-11 16:51:27 BST] Installed libssh2-1.11.1-aarch64-1.txz 
[2026-05-11 16:51:27 BST] Installed libunistring-1.4.2-aarch64-1.txz 
[2026-05-11 16:51:27 BST] Installed libxml2-2.15.3-aarch64-1.txz 
[2026-05-11 16:51:28 BST] Installed lsof-4.99.6-aarch64-1.txz 
[2026-05-11 16:51:28 BST] Installed lz4-1.10.0-aarch64-2.txz 
[2026-05-11 16:51:28 BST] Installed lzlib-1.16-aarch64-1.txz 
[2026-05-11 16:51:28 BST] Installed m4-1.4.21-aarch64-1.txz 
[2026-05-11 16:51:29 BST] Installed make-4.4.1-aarch64-1.txz 
[2026-05-11 16:51:29 BST] Installed mpfr-4.2.2-aarch64-1.txz 
[2026-05-11 16:51:29 BST] Installed nano-9.0-aarch64-1.txz 
[2026-05-11 16:51:29 BST] Installed nc-1.10-aarch64-4.txz 
[2026-05-11 16:51:37 BST] Installed ncurses-6.6-aarch64-1.txz 
[2026-05-11 16:51:38 BST] Installed nettle-3.10.2-aarch64-1.txz 
[2026-05-11 16:51:38 BST] Installed nghttp2-1.69.0-aarch64-1.txz 
[2026-05-11 16:51:38 BST] Installed nghttp3-1.15.0-aarch64-1.txz 
[2026-05-11 16:51:38 BST] Installed ngtcp2-1.22.1-aarch64-1.txz 
[2026-05-11 16:51:39 BST] Installed ntfs-3g-2026.2.25-aarch64-1.txz 
[2026-05-11 16:52:03 BST] Installed openssl-3.5.6-aarch64-2.txz 
[2026-05-11 16:52:04 BST] Installed openssl-solibs-3.5.6-aarch64-2.txz 
[2026-05-11 16:52:04 BST] Installed patch-2.8-aarch64-1.txz 
[2026-05-11 16:52:04 BST] Installed pciutils-3.15.0-aarch64-1.txz 
[2026-05-11 16:52:08 BST] Installed perl-5.42.2-aarch64-2.txz 
[2026-05-11 16:52:08 BST] Installed pkgconf-2.5.1-aarch64-1.txz 
[2026-05-11 16:52:09 BST] Installed pkgtools-15.1-noarch-22.txz 
[2026-05-11 16:52:09 BST] Installed popt-1.19-aarch64-1.txz 
[2026-05-11 16:52:09 BST] Installed procps-ng-4.0.6-aarch64-1.txz 
[2026-05-11 16:52:10 BST] Installed protobuf-34.1-aarch64-1.txz 
[2026-05-11 16:52:16 BST] Installed python3-3.12.13-aarch64-1.txz 
[2026-05-11 16:52:16 BST] Installed rsync-3.4.2-aarch64-1.txz 
[2026-05-11 16:52:16 BST] Installed sed-4.10-aarch64-1.txz 
[2026-05-11 16:52:17 BST] Installed smartmontools-7.5-aarch64-1.txz 
[2026-05-11 16:52:17 BST] Installed sqlite-3.53.1-aarch64-1.txz 
[2026-05-11 16:52:18 BST] Installed strace-7.0-aarch64-1.txz 
[2026-05-11 16:52:18 BST] Installed sysvinit-scripts-15.1-noarch-45.txz 
[2026-05-11 16:52:18 BST] Installed tar-1.35-aarch64-1.txz 
[2026-05-11 16:52:19 BST] Installed util-linux-2.42-aarch64-2.txz 
[2026-05-11 16:52:20 BST] Installed wget-1.25.0-aarch64-1.txz 
[2026-05-11 16:52:20 BST] Installed which-2.23-aarch64-1.txz 
[2026-05-11 16:52:20 BST] Installed wireless_tools-30.pre9-aarch64-5.txz 
[2026-05-11 16:52:21 BST] Installed wpa_supplicant-2.11-aarch64-1.txz 
[2026-05-11 16:52:21 BST] Installed xxHash-0.8.3-aarch64-1.txz 
[2026-05-11 16:52:22 BST] Installed xz-5.8.3-aarch64-1.txz 
[2026-05-11 16:52:22 BST] Installed zlib-1.3.2-aarch64-1.txz 
[2026-05-11 16:52:22 BST] Installed zstd-1.5.7-aarch64-1.txz 
[2026-05-11 16:52:22 BST] Copied resolv.conf to /tmp/hailo-chroot/etc/resolv.conf ...
[2026-05-11 16:52:22 BST] Installed all available pkgs into chroot dir ...
[2026-05-11 16:52:24 BST] Initialised chroot ca-certificates ...
[2026-05-11 16:52:33 BST] Installed SARPi5_64 system packages into chroot dir ...
[2026-05-11 16:52:33 BST] Deleted any previously built packages in /tmp/hailo-chroot/tmp ...
[2026-05-11 16:52:34 BST] Created cmake-legacy.sh in chroot /etc/profile.d/ ...
[2026-05-11 16:52:34 BST] Mounted chroot virtual filesystems ...
[2026-05-11 16:52:34 BST] Starting Hailo.SlackBuild chroot build ...
[2026-05-11 16:52:34 BST] Stage 2: HAILO.SlackBuild ...
[2026-05-11 16:52:34 BST] Legacy cmake PATH set: /usr/local/cmake-3.31/bin ...
[2026-05-11 16:52:34 BST] Created /tmp/SBo directory ...
[2026-05-11 16:52:34 BST] Run build-legacy-cmake-source.sh ...
[2026-05-11 16:52:34 BST] Downloading cmake 3.31.12 ...
[2026-05-11 16:52:36 BST] Extracting cmake 3.31.12 ...
[2026-05-11 16:52:37 BST] Bootstrapping cmake 3.31.12 ...
[2026-05-11 16:56:49 BST] Building cmake 3.31.12 ...
[2026-05-11 17:09:55 BST] Installing cmake 3.31.12 to /usr/local/cmake-3.31 ...
[2026-05-11 17:10:00 BST] Legacy cmake installed: cmake version 3.31.12 ...
[2026-05-11 17:10:00 BST] Symlinked cmake 3.31.12 to /usr/local/bin/cmake ...
[2026-05-11 17:10:00 BST] Legacy cmake version 3.31.12 build completed ...
[2026-05-11 17:10:00 BST] 
[2026-05-11 17:10:00 BST] ############################################
[2026-05-11 17:10:00 BST] ## HAILO.SlackBuild Rev: 11May26 
[2026-05-11 17:10:00 BST] ## Target OS: Slackware aarch64 current 
[2026-05-11 17:10:00 BST] ## HAILO kernel 6.18.29-v8-sairpi5_64 
[2026-05-11 17:10:00 BST] ## Build Ref SAI52026131164853 
[2026-05-11 17:10:00 BST] ## Building: kernel_rpi5 
[2026-05-11 17:10:00 BST] ############################################
[2026-05-11 17:10:00 BST] 
[2026-05-11 17:10:00 BST] Get kernel source version ...
[2026-05-11 17:10:00 BST] Linux kernel source Git commit hash: 66318c5b5
[2026-05-11 17:10:00 BST] Preparing kernel package directories ...
[2026-05-11 17:10:00 BST] Kernel package directories prepared ...
[2026-05-11 17:10:07 BST] Linux kernel bcm2712_defconfig created ...
[2026-05-11 17:10:10 BST] Make olddefconfig ...
[2026-05-11 17:10:13 BST] Make syncconfig and add sairpi5_64 suffix ...
[2026-05-11 17:10:13 BST] Building kernel Image.gz ...
[2026-05-11 17:33:45 BST] Building DTBs ...
[2026-05-11 17:33:51 BST] Copying kernel image System.map and config.gz to package boot dir ...
[2026-05-11 17:33:51 BST] Kernel image, System.map and config.gz copied to package boot dir ...
[2026-05-11 17:33:51 BST] Creating cmdline.txt.new ...
[2026-05-11 17:33:51 BST] cmdline.txt.new created ...
[2026-05-11 17:33:51 BST] kernel_rpi5.SlackBuild copied to usr/doc ...
[2026-05-11 17:33:51 BST] Creating kernel_rpi5 package doinst.sh ...
[2026-05-11 17:33:51 BST] kernel_rpi5 package doinst.sh created ...
[2026-05-11 17:33:51 BST] Creating kernel_rpi5 package slack-desc ...
[2026-05-11 17:33:51 BST] New kernel_rpi5 slack-desc file created ...
[2026-05-11 17:33:51 BST] Creating /boot/version-kernel_rpi5.txt file ...
[2026-05-11 17:33:51 BST] Creating kernel_rpi5-6.18.29-armv8-1_slackcurrent_11May26_sai.txz ...
[2026-05-11 17:33:56 BST] Kernel package created ...
[2026-05-11 17:33:56 BST] Kernel package checksum created ...
[2026-05-11 17:33:56 BST] Get kernel source version ...
[2026-05-11 17:33:56 BST] Preparing kernel package directories ...
[2026-05-11 17:33:56 BST] Kernel headers package directories prepared ...
[2026-05-11 17:33:56 BST] Building and installing kernel headers ...
[2026-05-11 17:34:04 BST] kernel-headers-rpi5.SlackBuild copied to usr/doc ...
[2026-05-11 17:34:04 BST] Creating kernel-headers-rpi5 package doinst.sh ...
[2026-05-11 17:34:04 BST] Created kernel-headers-rpi5 doinst.sh ...
[2026-05-11 17:34:04 BST] Creating kernel-headers-rpi5 package slack-desc ...
[2026-05-11 17:34:04 BST] New kernel-headers-rpi5 slack-desc file created ...
[2026-05-11 17:34:04 BST] Creating kernel-headers-rpi5-6.18.29-armv8-1_slackcurrent_11May26_sai.txz ...
[2026-05-11 17:34:09 BST] Kernel headers package created ...
[2026-05-11 17:34:09 BST] Kernel headers package checksum created ...
[2026-05-11 17:34:09 BST] Linux kernel headers build and package completed ...
[2026-05-11 17:34:09 BST] Get kernel source version ...
[2026-05-11 17:34:09 BST] Linux kernel source Git commit hash: 66318c5b5
[2026-05-11 17:34:09 BST] Preparing kernel module package directories ...
[2026-05-11 17:34:09 BST] Kernel module package directories prepared ...
[2026-05-11 17:34:09 BST] Building kernel modules ...
[2026-05-11 18:23:59 BST] Installing kernel modules into package directory...
[2026-05-11 18:25:32 BST] Kernel modules successfully installed into package directory ...
[2026-05-11 18:25:32 BST] Creating kernel modules build source symlinks ...
[2026-05-11 18:25:32 BST] Kernel modules build source symlinks created ...
[2026-05-11 18:25:32 BST] kernel-modules-rpi5.SlackBuild copied to usr/doc ...
[2026-05-11 18:25:32 BST] Creating kernel-modules-rpi5 package doinst.sh ...
[2026-05-11 18:25:32 BST] Created kernel-modules-rpi5 doinst.sh ...
[2026-05-11 18:25:32 BST] Creating kernel-modules-rpi5 package slack-desc ...
[2026-05-11 18:25:32 BST] New kernel-modules-rpi5 slack-desc file created ...
[2026-05-11 18:25:32 BST] Creating kernel-modules-rpi5-6.18.29-armv8-1_slackcurrent_11May26_sai.txz ...
[2026-05-11 18:25:42 BST] Kernel modules package created ...
[2026-05-11 18:25:42 BST] Kernel modules package checksum created ...
[2026-05-11 18:25:42 BST] Linux kernel modules build, install, and packaging completed ...
[2026-05-11 18:25:42 BST] Install kernel packages into chroot for HailoRT builds ...
[2026-05-11 18:25:49 BST] Kernel packages installed into chroot ...
[2026-05-11 18:25:49 BST] Linux kernel build and package completed ...
[2026-05-11 18:25:49 BST] 
[2026-05-11 18:25:49 BST] ############################################
[2026-05-11 18:25:49 BST] ## HAILO.SlackBuild Rev: 11May26 
[2026-05-11 18:25:49 BST] ## Target OS: Slackware aarch64 current 
[2026-05-11 18:25:49 BST] ## HAILO kernel 6.18.29-v8-sairpi5_64 
[2026-05-11 18:25:49 BST] ## Build Ref SAI52026131164853 
[2026-05-11 18:25:49 BST] ## Building: rpi5-boot-firmware 
[2026-05-11 18:25:49 BST] ############################################
[2026-05-11 18:25:49 BST] 
[2026-05-11 18:25:49 BST] rpi5 boot firmware Git commit hash: 81ecd84
[2026-05-11 18:25:49 BST] Preparing RPi boot firmware package directory ...
[2026-05-11 18:25:49 BST] RPi boot firmware package directory: /tmp/SBo/rpi5-boot-firmware ...
[2026-05-11 18:25:49 BST] Copying rpi5 boot firmware files ...
[2026-05-11 18:25:49 BST] rpi5 boot firmware files copied ...
[2026-05-11 18:25:49 BST] Copying Raspberry Pi Ltd. licence files to usr/doc ...
[2026-05-11 18:25:49 BST] Raspberry Pi Ltd. licence files installed ...
[2026-05-11 18:25:49 BST] rpi5-boot-firmware.SlackBuild copied to usr/doc ...
[2026-05-11 18:25:49 BST] Creating rpi5 boot firmware config.txt.new ...
[2026-05-11 18:25:49 BST] rpi5 boot firmware config.txt.new created ...
[2026-05-11 18:25:49 BST] Creating rpi5 boot firmware doinst.sh ...
[2026-05-11 18:25:49 BST] rpi5 boot firmware doinst.sh created ...
[2026-05-11 18:25:49 BST] Creating rpi5 boot firmware slack-desc ...
[2026-05-11 18:25:49 BST] New rpi5 boot firmware slack-desc created ...
[2026-05-11 18:25:49 BST] Creating /boot/version-rpi5-boot.txt file ...
[2026-05-11 18:25:49 BST] Creating rpi5-boot-firmware-armv8-1_slackcurrent_11May26_sai.txz ...
[2026-05-11 18:25:58 BST] rpi5 boot firmware package created ...
[2026-05-11 18:25:58 BST] Creating rpi5-boot-firmware-armv8-1_slackcurrent_11May26_sai.md5 ...
[2026-05-11 18:25:58 BST] RPi boot firmware package checksum created ...
[2026-05-11 18:25:58 BST] Raspberry Pi boot firmware package completed ...
[2026-05-11 18:25:58 BST] 
[2026-05-11 18:25:58 BST] ############################################
[2026-05-11 18:25:58 BST] ## HAILO.SlackBuild Rev: 11May26 
[2026-05-11 18:25:58 BST] ## Target OS: Slackware aarch64 current 
[2026-05-11 18:25:58 BST] ## HAILO kernel 6.18.29-v8-sairpi5_64 
[2026-05-11 18:25:58 BST] ## Build Ref SAI52026131164853 
[2026-05-11 18:25:58 BST] ## Building: hailort_rpi5 
[2026-05-11 18:25:58 BST] ############################################
[2026-05-11 18:25:58 BST] 
[2026-05-11 18:25:58 BST] Preparing HailoRT package directory ...
[2026-05-11 18:25:58 BST] HailoRT package directory: /tmp/SBo/hailort_rpi5 ...
[2026-05-11 18:25:58 BST] Create HailoRT out-of-source build directory ...
[2026-05-11 18:25:58 BST] HailoRT build directory: /tmp/SBo/hailort_source_build ...
[2026-05-11 18:25:58 BST] Patching HailoRT source ...
[2026-05-11 18:25:58 BST] HailoRT source patched ...
[2026-05-11 18:25:58 BST] Configuring HailoRT with cmake 3.31.12 ...
[2026-05-11 18:30:15 BST] HailoRT cmake configuration completed ...
[2026-05-11 18:30:15 BST] Building HailoRT ...
[2026-05-11 18:40:42 BST] HailoRT build completed ...
[2026-05-11 18:40:42 BST] Installing HailoRT to /tmp/SBo/hailort_rpi5 ...
[2026-05-11 18:40:42 BST] HailoRT successfully installed into package directory ...
[2026-05-11 18:40:42 BST] hailort_rpi5.SlackBuild copied to usr/doc ...
[2026-05-11 18:40:42 BST] Creating HailoRT package doinst.sh ...
[2026-05-11 18:40:42 BST] HailoRT package doinst.sh created ...
[2026-05-11 18:40:42 BST] Creating HailoRT package slack-desc ...
[2026-05-11 18:40:42 BST] New HailoRT package slack-desc created ...
[2026-05-11 18:40:42 BST] Creating hailort_rpi5-5.3.0-armv8-1_slackcurrent_11May26_sai.txz ...
[2026-05-11 18:40:49 BST] HailoRT package created ...
[2026-05-11 18:40:49 BST] Creating hailort_rpi5-5.3.0-armv8-1_slackcurrent_11May26_sai.md5 ...
[2026-05-11 18:40:49 BST] HailoRT package checksum created ...
[2026-05-11 18:40:49 BST] 
[2026-05-11 18:40:49 BST] ############################################
[2026-05-11 18:40:49 BST] ## HAILO.SlackBuild Rev: 11May26 
[2026-05-11 18:40:49 BST] ## Target OS: Slackware aarch64 current 
[2026-05-11 18:40:49 BST] ## HAILO kernel 6.18.29-v8-sairpi5_64 
[2026-05-11 18:40:49 BST] ## Build Ref SAI52026131164853 
[2026-05-11 18:40:49 BST] ## Building: hailort-pcie-drv-rpi5 
[2026-05-11 18:40:49 BST] ############################################
[2026-05-11 18:40:49 BST] 
[2026-05-11 18:40:49 BST] Getting HailoRT source version ...
[2026-05-11 18:40:49 BST] HailoRT version: 5.3.0 ...
[2026-05-11 18:40:49 BST] Getting kernel source version ...
[2026-05-11 18:40:49 BST] Kernel version: 6.18.29-v8-sairpi5_64 ...
[2026-05-11 18:40:49 BST] Creating HailoRT PCIe driver package directory ...
[2026-05-11 18:40:49 BST] HailoRT PCIe driver package directory created ...
[2026-05-11 18:40:49 BST] Applying HailoRT driver source patches ...
[2026-05-11 18:40:49 BST] HailoRT driver source patches applied ...
[2026-05-11 18:40:49 BST] Building Hailo PCIe driver (hailo1x_pci.ko) ...
[2026-05-11 18:40:56 BST] Hailo PCIe driver build completed ...
[2026-05-11 18:40:56 BST] Installing Hailo PCIe driver to /tmp/SBo/hailort-pcie-drv-rpi5 ...
[2026-05-11 18:40:57 BST] Hailo PCIe driver installed ...
[2026-05-11 18:40:57 BST] hailort-pcie-drv-rpi5.SlackBuild copied to usr/doc ...
[2026-05-11 18:40:57 BST] Creating kernel-modules-rpi5 package doinst.sh ...
[2026-05-11 18:40:57 BST] HailoRT PCIe drv package doinst.sh created ...
[2026-05-11 18:40:57 BST] Creating HailoRT PCIe drv package slack-desc ...
[2026-05-11 18:40:57 BST] New HailoRT PCIe drv package slack-desc created ...
[2026-05-11 18:40:57 BST] Creating hailort-pcie-drv-rpi5-5.3.0-armv8-1_slackcurrent_11May26_sai.txz ...
[2026-05-11 18:40:57 BST] Hailo PCIe driver package created ...
[2026-05-11 18:40:57 BST] Creating hailort-pcie-drv-rpi5-5.3.0-armv8-1_slackcurrent_11May26_sai.md5 ...
[2026-05-11 18:40:57 BST] Hailo PCIe driver package checksum created ...
[2026-05-11 18:40:57 BST] 
[2026-05-11 18:40:57 BST] ############################################
[2026-05-11 18:40:57 BST] ## HAILO.SlackBuild Rev: 11May26 
[2026-05-11 18:40:57 BST] ## Target OS: Slackware aarch64 current 
[2026-05-11 18:40:57 BST] ## HAILO kernel 6.18.29-v8-sairpi5_64 
[2026-05-11 18:40:57 BST] ## Build Ref SAI52026131164853 
[2026-05-11 18:40:57 BST] ## Building: hailort-nnc-drv-rpi5 
[2026-05-11 18:40:57 BST] ############################################
[2026-05-11 18:40:57 BST] 
[2026-05-11 18:40:57 BST] Getting HailoRT source version ...
[2026-05-11 18:40:57 BST] HailoRT version: 5.3.0 ...
[2026-05-11 18:40:57 BST] Getting kernel source version ...
[2026-05-11 18:40:57 BST] Kernel version: 6.18.29-v8-sairpi5_64 ...
[2026-05-11 18:40:57 BST] Preparing Hailo integrated NNC driver package directory ...
[2026-05-11 18:40:57 BST] Applying HailoRT driver source patches ...
[2026-05-11 18:40:57 BST] Patch hailort-drivers-del-timer-sync-kernel-6.15 already applied or skipped ...
[2026-05-11 18:40:57 BST] HailoRT driver source patches applied ...
[2026-05-11 18:40:57 BST] Building Hailo integrated NNC driver (hailo_integrated_nnc.ko) ...
[2026-05-11 18:41:05 BST] Hailo integrated NNC driver build completed ...
[2026-05-11 18:41:05 BST] hailort-nnc-drv-rpi5.SlackBuild copied to usr/doc ...
[2026-05-11 18:41:05 BST] Installing Hailo integrated NNC driver to /tmp/SBo/hailort-nnc-drv-rpi5 ...
[2026-05-11 18:41:06 BST] Hailo integrated NNC driver installed ...
[2026-05-11 18:41:06 BST] Creating HailoRT NNC drv package doinst.sh ...
[2026-05-11 18:41:06 BST] HailoRT NNC drv package doinst.sh created ...
[2026-05-11 18:41:06 BST] Creating HailoRT NNC drv package slack-desc ...
[2026-05-11 18:41:06 BST] New HailoRT NNC drv package slack-desc created ...
[2026-05-11 18:41:06 BST] Creating hailort-nnc-drv-rpi5-5.3.0-armv8-1_slackcurrent_11May26_sai.txz ...
[2026-05-11 18:41:06 BST] Hailo integrated NNC driver package created ...
[2026-05-11 18:41:06 BST] Creating hailort-nnc-drv-rpi5-5.3.0-armv8-1_slackcurrent_11May26_sai.md5 ...
[2026-05-11 18:41:06 BST] Hailo integrated NNC driver package checksum created ...
[2026-05-11 18:41:06 BST] 
[2026-05-11 18:41:06 BST] ############################################
[2026-05-11 18:41:06 BST] ## HAILO.SlackBuild Rev: 11May26 
[2026-05-11 18:41:06 BST] ## Target OS: Slackware aarch64 current 
[2026-05-11 18:41:06 BST] ## HAILO kernel 6.18.29-v8-sairpi5_64 
[2026-05-11 18:41:06 BST] ## Build Ref SAI52026131164853 
[2026-05-11 18:41:06 BST] ## Building: hailort-10h-firmware 
[2026-05-11 18:41:06 BST] ############################################
[2026-05-11 18:41:06 BST] 
[2026-05-11 18:41:06 BST] Creating Hailo-10H firmware package directories ...
[2026-05-11 18:41:06 BST] Hailo-10H firmware package directories created ...
[2026-05-11 18:41:06 BST] Downloading Hailo-10H firmware 5.3.0 ...
[2026-05-11 18:41:07 BST] Hailo-10H firmware downloaded ...
[2026-05-11 18:41:07 BST] Extracting Hailo-10H firmware ...
[2026-05-11 18:41:08 BST] Hailo-10H firmware extracted ...
[2026-05-11 18:41:08 BST] Copying Hailo-10H firmware files ...
[2026-05-11 18:41:08 BST] Hailo-10H firmware files copied to package directory ...
[2026-05-11 18:41:08 BST] hailort-10h-firmware.SlackBuild copied to usr/doc ...
[2026-05-11 18:41:08 BST] Creating rpi5 boot firmware doinst.sh ...
[2026-05-11 18:41:08 BST] rpi5 boot firmware doinst.sh created ...
[2026-05-11 18:41:08 BST] Creating rpi5 boot firmware slack-desc ...
[2026-05-11 18:41:08 BST] New rpi5 boot firmware slack-desc created ...
[2026-05-11 18:41:08 BST] Creating hailort-10h-firmware-5.3.0-armv8-1_slackcurrent_11May26_sai.txz ...
[2026-05-11 18:42:11 BST] Hailo-10H firmware package created ...
[2026-05-11 18:42:11 BST] Creating hailort-10h-firmware-5.3.0-armv8-1_slackcurrent_11May26_sai.md5 ...
[2026-05-11 18:42:12 BST] Hailo-10H firmware package checksum created ...
[2026-05-11 18:42:12 BST] hailo.SlackBuild process completed ...
[2026-05-11 18:42:12 BST] Appended LOGFILE in host /tmp directory ...
[2026-05-11 18:42:12 BST] Unmounted chroot virtual filesystems ...
[2026-05-11 18:42:12 BST] Moved current LOGFILE to /tmp/_hailo-10h.SlackBuild/BuildLogs directory ...
[2026-05-11 18:42:12 BST] Hailo-10H.SlackBuild process concluded ...
