###############################################
#----------- Hailo-10H.SlackBuild ------------#
###############################################

Target OS..............: Slackware AArch64 current
Platform...............: Raspberry Pi 5
Hardware...............: Hailo 10H M.2 AI Accelerator Module
Project eng............: v1.0.5
Maintainer(s)..........: sairpi.project@penthux.net
Homepage URL...........: https://sairpi.penthux.net

# Hailo.SlackBuild Batch
Build Batch Ref ID.....: SAI52026131164235

# Hailo-10H.SlackBuild Host Status
Build System...........: Linux maia 6.18.28-v8-sarpi5_64 #1 SMP PREEMPT Sat May  9 07:15:36 BST 2026 aarch64 GNU/Linux
Build System OS........: Slackware 15.0 aarch64 (post 15.0 -current) [armv8 64-bit]
Build System Hardware..: Raspberry Pi 5 Model B Rev 1.1 
Build System Revision..: e04171
Build System Serial....: eaca75ece918b095

[2026-05-11 16:42:36 BST] Copied HAILO.SlackBuild scripts to chroot dir ...
# Hailo-10H.SlackBuild Status
Target Architecture....: AArch64
Linux Kernel Version...: 6.18.29
SAIRPi Build Revision..: 11May26

SAIRPi Start Build.....: 2026-05-11 16:43:37 BST

[2026-05-11 16:43:37 BST] Downloaded Raspberry Pi Linux source ...
[2026-05-11 16:43:49 BST] Downloaded Raspberry Pi boot-firmware source ...
[2026-05-11 16:43:50 BST] Downloaded HailoRT source ...
[2026-05-11 16:43:53 BST] Downloaded HailoRT drivers source ...
[2026-05-11 16:43:53 BST] Fetching SARPi board support packages from slackware.uk ...
[2026-05-11 16:43:54 BST] Downloaded SARPi board support packages ...
[2026-05-11 16:43:54 BST] Slackware PKG repo: http://192.168.1.242/slackwarearm/slackwareaarch64-current ...
[2026-05-11 16:43:54 BST] Downloading chroot PKG files ...
[2026-05-11 16:44:24 BST] Processing chroot PKG files ...
[2026-05-11 16:44:24 BST] Installing chroot PKG files ...
[2026-05-11 16:44:25 BST] Installed aaa_base-15.1-aarch64-3.txz 
[2026-05-11 16:44:26 BST] Installed aaa_glibc-solibs-2.42-aarch64-1.txz 
[2026-05-11 16:44:30 BST] Installed aaa_libraries-15.1-aarch64-48.txz 
[2026-05-11 16:44:31 BST] Installed aaa_terminfo-6.6-aarch64-1.txz 
[2026-05-11 16:44:31 BST] Installed acl-2.3.2-aarch64-1.txz 
[2026-05-11 16:44:31 BST] Installed attr-2.5.2-aarch64-1.txz 
[2026-05-11 16:44:32 BST] Installed bash-5.3.009-aarch64-1.txz 
[2026-05-11 16:44:32 BST] Installed bc-1.08.2-aarch64-1.txz 
[2026-05-11 16:44:34 BST] Installed binutils-2.46-aarch64-1.txz 
[2026-05-11 16:44:34 BST] Installed bison-3.8.2-aarch64-1.txz 
[2026-05-11 16:44:34 BST] Installed brotli-1.2.0-aarch64-1.txz 
[2026-05-11 16:44:34 BST] Installed ca-certificates-20260413-noarch-1.txz 
[2026-05-11 16:44:37 BST] Installed cmake-4.3.2-aarch64-1.txz 
[2026-05-11 16:44:38 BST] Installed coreutils-9.11-aarch64-1.txz 
[2026-05-11 16:44:39 BST] Installed curl-8.20.0-aarch64-1.txz 
[2026-05-11 16:44:39 BST] Installed cyrus-sasl-2.1.28-aarch64-5.txz 
[2026-05-11 16:44:39 BST] Installed dbus-glib-0.114-aarch64-1.txz 
[2026-05-11 16:44:40 BST] Installed diffutils-3.12-aarch64-1.txz 
[2026-05-11 16:44:40 BST] Installed dosfstools-4.2-aarch64-2.txz 
[2026-05-11 16:44:40 BST] Installed e2fsprogs-1.47.4-aarch64-1.txz 
[2026-05-11 16:44:41 BST] Installed elfutils-0.195-aarch64-1.txz 
[2026-05-11 16:44:42 BST] Installed etc-15.1-aarch64-18.txz 
[2026-05-11 16:44:42 BST] Installed ethtool-7.0-aarch64-1.txz 
[2026-05-11 16:44:42 BST] Installed eudev-3.2.14-aarch64-3.txz 
[2026-05-11 16:44:43 BST] Installed exfatprogs-1.3.2-aarch64-1.txz 
[2026-05-11 16:44:43 BST] Installed file-5.47-aarch64-2.txz 
[2026-05-11 16:44:43 BST] Installed findutils-4.10.0-aarch64-1.txz 
[2026-05-11 16:44:43 BST] Installed flex-2.6.4-aarch64-5.txz 
[2026-05-11 16:44:44 BST] Installed fuse3-3.16.2-aarch64-2.txz 
[2026-05-11 16:44:44 BST] Installed gawk-5.4.0-aarch64-1.txz 
[2026-05-11 16:44:44 BST] Installed gc-8.2.12-aarch64-1.txz 
[2026-05-11 16:44:51 BST] Installed gcc-15.2.0-aarch64-1.txz 
[2026-05-11 16:44:55 BST] Installed gcc-g++-15.2.0-aarch64-1.txz 
[2026-05-11 16:44:55 BST] Installed gettext-1.0-aarch64-1.txz 
[2026-05-11 16:44:57 BST] Installed git-2.54.0-aarch64-1.txz 
[2026-05-11 16:44:59 BST] Installed glibc-2.42-aarch64-1.txz 
[2026-05-11 16:44:59 BST] Installed gmp-6.3.0-aarch64-1.txz 
[2026-05-11 16:44:59 BST] Installed gptfdisk-1.0.10-aarch64-1.txz 
[2026-05-11 16:45:00 BST] Installed grep-3.12-aarch64-1.txz 
[2026-05-11 16:45:02 BST] Installed guile-3.0.11-aarch64-1.txz 
[2026-05-11 16:45:02 BST] Installed gzip-1.14-aarch64-1.txz 
[2026-05-11 16:45:02 BST] Installed iproute2-7.0.0-aarch64-1.txz 
[2026-05-11 16:45:03 BST] Installed kmod-34.2-aarch64-1.txz 
[2026-05-11 16:45:03 BST] Installed libarchive-3.8.7-aarch64-1.txz 
[2026-05-11 16:45:03 BST] Installed libcap-2.78-aarch64-1.txz 
[2026-05-11 16:45:03 BST] Installed libcap-ng-0.9.3-aarch64-1.txz 
[2026-05-11 16:45:04 BST] Installed libidn2-2.3.8-aarch64-1.txz 
[2026-05-11 16:45:04 BST] Installed libmnl-1.0.5-aarch64-1.txz 
[2026-05-11 16:45:04 BST] Installed libmpc-1.3.1-aarch64-1.txz 
[2026-05-11 16:45:04 BST] Installed libnetfilter_conntrack-1.1.1-aarch64-1.txz 
[2026-05-11 16:45:05 BST] Installed libnfnetlink-1.0.2-aarch64-1.txz 
[2026-05-11 16:45:05 BST] Installed libpsl-0.21.5-aarch64-1.txz 
[2026-05-11 16:45:05 BST] Installed libssh2-1.11.1-aarch64-1.txz 
[2026-05-11 16:45:05 BST] Installed libunistring-1.4.2-aarch64-1.txz 
[2026-05-11 16:45:06 BST] Installed libxml2-2.15.3-aarch64-1.txz 
[2026-05-11 16:45:06 BST] Installed lsof-4.99.6-aarch64-1.txz 
[2026-05-11 16:45:06 BST] Installed lz4-1.10.0-aarch64-2.txz 
[2026-05-11 16:45:06 BST] Installed lzlib-1.16-aarch64-1.txz 
[2026-05-11 16:45:06 BST] Installed m4-1.4.21-aarch64-1.txz 
[2026-05-11 16:45:07 BST] Installed make-4.4.1-aarch64-1.txz 
[2026-05-11 16:45:07 BST] Installed mpfr-4.2.2-aarch64-1.txz 
[2026-05-11 16:45:07 BST] Installed nano-9.0-aarch64-1.txz 
[2026-05-11 16:45:07 BST] Installed nc-1.10-aarch64-4.txz 
[2026-05-11 16:45:16 BST] Installed ncurses-6.6-aarch64-1.txz 
[2026-05-11 16:45:16 BST] Installed nettle-3.10.2-aarch64-1.txz 
[2026-05-11 16:45:16 BST] Installed nghttp2-1.69.0-aarch64-1.txz 
[2026-05-11 16:45:16 BST] Installed nghttp3-1.15.0-aarch64-1.txz 
[2026-05-11 16:45:16 BST] Installed ngtcp2-1.22.1-aarch64-1.txz 
[2026-05-11 16:45:17 BST] Installed ntfs-3g-2026.2.25-aarch64-1.txz 
[2026-05-11 16:45:41 BST] Installed openssl-3.5.6-aarch64-2.txz 
[2026-05-11 16:45:42 BST] Installed openssl-solibs-3.5.6-aarch64-2.txz 
[2026-05-11 16:45:42 BST] Installed patch-2.8-aarch64-1.txz 
[2026-05-11 16:45:43 BST] Installed pciutils-3.15.0-aarch64-1.txz 
[2026-05-11 16:45:46 BST] Installed perl-5.42.2-aarch64-2.txz 
[2026-05-11 16:45:46 BST] Installed pkgconf-2.5.1-aarch64-1.txz 
[2026-05-11 16:45:47 BST] Installed pkgtools-15.1-noarch-22.txz 
[2026-05-11 16:45:47 BST] Installed popt-1.19-aarch64-1.txz 
[2026-05-11 16:45:47 BST] Installed procps-ng-4.0.6-aarch64-1.txz 
[2026-05-11 16:45:48 BST] Installed protobuf-34.1-aarch64-1.txz 
[2026-05-11 16:45:54 BST] Installed python3-3.12.13-aarch64-1.txz 
[2026-05-11 16:45:54 BST] Installed rsync-3.4.2-aarch64-1.txz 
[2026-05-11 16:45:54 BST] Installed sed-4.10-aarch64-1.txz 
[2026-05-11 16:45:55 BST] Installed smartmontools-7.5-aarch64-1.txz 
[2026-05-11 16:45:55 BST] Installed sqlite-3.53.1-aarch64-1.txz 
[2026-05-11 16:45:56 BST] Installed strace-7.0-aarch64-1.txz 
[2026-05-11 16:45:56 BST] Installed sysvinit-scripts-15.1-noarch-45.txz 
[2026-05-11 16:45:56 BST] Installed tar-1.35-aarch64-1.txz 
[2026-05-11 16:45:58 BST] Installed util-linux-2.42-aarch64-2.txz 
[2026-05-11 16:45:58 BST] Installed wget-1.25.0-aarch64-1.txz 
[2026-05-11 16:45:58 BST] Installed which-2.23-aarch64-1.txz 
[2026-05-11 16:45:58 BST] Installed wireless_tools-30.pre9-aarch64-5.txz 
[2026-05-11 16:45:59 BST] Installed wpa_supplicant-2.11-aarch64-1.txz 
[2026-05-11 16:45:59 BST] Installed xxHash-0.8.3-aarch64-1.txz 
[2026-05-11 16:46:00 BST] Installed xz-5.8.3-aarch64-1.txz 
[2026-05-11 16:46:00 BST] Installed zlib-1.3.2-aarch64-1.txz 
[2026-05-11 16:46:00 BST] Installed zstd-1.5.7-aarch64-1.txz 
[2026-05-11 16:46:00 BST] Copied resolv.conf to /tmp/hailo-chroot/etc/resolv.conf ...
[2026-05-11 16:46:00 BST] Installed all available pkgs into chroot dir ...
[2026-05-11 16:46:02 BST] Initialised chroot ca-certificates ...
